Microsoft Windows [Version 10.0.26200.8037]
(c) Microsoft Corporation. All rights reserved.

D:\GitHome\Archipelago_GemcraftFrostbornWrath>